// Jest Snapshot v1, https://goo.gl/fbAQLP

exports[`codegen interpolation 1`] = `
"const { toDisplayString: _toDisplayString } = 'vue'
return function render (_ctx, _cache, $props, $setup, $data, $options) { return _toDisplayString(_ctx.message) }"
`;

exports[`codegen string 1`] = `
"
return function render (_ctx, _cache, $props, $setup, $data, $options) { return 'hi' }"
`;
